// Jest Snapshot v1, https://goo.gl/fbAQLP

exports[`Cart renders correctly 1`] = `
<div>
  <div
    class="cart-page"
  >
    <nav
      class="navbar"
    >
      <div
        class="categories"
      />
      <div
        class="brand-logo"
      >
        <a
          href="/"
        >
          <img
            alt="logo-icon"
            src="/logo.png"
          />
        </a>
      </div>
      <div
        class="dropdowns"
      >
        <div
          class="currency-div"
        >
          <button
            class="currency-icon"
          >
            <span
              class="currency-drop-icon"
            >
              âˆ§
            </span>
          </button>
          <ul
            class="currency-dropdown"
            hidden=""
          />
        </div>
        <div
          class="cart-div"
        >
          <button
            class="cart-img"
          >
            <img
              alt="cart-img"
              src="/cart.png"
            />
          </button>
          <button
            class="cart-count"
          >
            0
          </button>
          <div
            class="cart-overlay"
            hidden=""
          >
            <p>
              <b>
                My Bag, 
              </b>
              0
               items
            </p>
            <div
              class="cart-total"
            >
              <p>
                Total
              </p>
              <p>
                0.00
              </p>
            </div>
            <div
              class="bag-checkout"
            >
              <div
                class="view-bag"
              >
                <a
                  href="/cart"
                >
                  <button>
                    View Bag
                  </button>
                </a>
              </div>
              <div
                class="checkout"
              >
                <button>
                  Check out
                </button>
              </div>
            </div>
          </div>
        </div>
      </div>
    </nav>
    <div
      class="cart page-body"
    >
      <h1
        class="cart-heading"
      >
        Cart
      </h1>
      <div
        class="cart-items"
      >
        <div
          class="cart-item"
        >
          <div
            class="item-details"
          >
            <h2
              class="brand"
            >
              Sony
            </h2>
            <h2
              class="name"
            >
              PlayStation 5
            </h2>
            <h3
              class="price"
            >
              $
              844.02
            </h3>
            <div
              class="cart-item-attribute"
            >
              <p
                class="attribute-name"
              >
                Color
                :
              </p>
              <div
                class="attribute-value"
              >
                <div
                  class="Color selected"
                >
                  <button
                    style="background-color: rgb(68, 255, 3);"
                  />
                </div>
                <div
                  class="Color"
                >
                  <button
                    style="background-color: rgb(3, 255, 247);"
                  />
                </div>
                <div
                  class="Color"
                >
                  <button
                    style="background-color: rgb(3, 11, 255);"
                  />
                </div>
                <div
                  class="Color"
                >
                  <button
                    style="background-color: rgb(0, 0, 0);"
                  />
                </div>
                <div
                  class="Color"
                >
                  <button
                    style="background-color: rgb(255, 255, 255);"
                  />
                </div>
              </div>
            </div>
            <div
              class="cart-item-attribute"
            >
              <p
                class="attribute-name"
              >
                Capacity
                :
              </p>
              <div
                class="attribute-value"
              >
                <div
                  class="other-attr selected"
                >
                  <button>
                    512G
                  </button>
                </div>
                <div
                  class="other-attr"
                >
                  <button>
                    1T
                  </button>
                </div>
              </div>
            </div>
          </div>
          <div
            class="quantity-image"
          >
            <div
              class="quantity"
            >
              <button>
                +
              </button>
              <p>
                1
              </p>
              <button>
                -
              </button>
            </div>
            <div
              class="image"
            >
              <img
                alt="PlayStation 5"
                src="https://images-na.ssl-images-amazon.com/images/I/510VSJ9mWDL._SL1262_.jpg"
              />
              <div
                class="browse"
              >
                <button
                  id="ps-5"
                >
                  &lt;
                </button>
                <button
                  id="ps-5"
                >
                  &gt;
                </button>
              </div>
            </div>
          </div>
        </div>
        <div
          class="cart-item"
        >
          <div
            class="item-details"
          >
            <h2
              class="brand"
            >
              Microsoft
            </h2>
            <h2
              class="name"
            >
              Xbox Series S 512GB
            </h2>
            <h3
              class="price"
            >
              $
              333.99
            </h3>
            <div
              class="cart-item-attribute"
            >
              <p
                class="attribute-name"
              >
                Color
                :
              </p>
              <div
                class="attribute-value"
              >
                <div
                  class="Color selected"
                >
                  <button
                    style="background-color: rgb(68, 255, 3);"
                  />
                </div>
                <div
                  class="Color"
                >
                  <button
                    style="background-color: rgb(3, 255, 247);"
                  />
                </div>
                <div
                  class="Color"
                >
                  <button
                    style="background-color: rgb(3, 11, 255);"
                  />
                </div>
                <div
                  class="Color"
                >
                  <button
                    style="background-color: rgb(0, 0, 0);"
                  />
                </div>
                <div
                  class="Color"
                >
                  <button
                    style="background-color: rgb(255, 255, 255);"
                  />
                </div>
              </div>
            </div>
            <div
              class="cart-item-attribute"
            >
              <p
                class="attribute-name"
              >
                Capacity
                :
              </p>
              <div
                class="attribute-value"
              >
                <div
                  class="other-attr selected"
                >
                  <button>
                    512G
                  </button>
                </div>
                <div
                  class="other-attr"
                >
                  <button>
                    1T
                  </button>
                </div>
              </div>
            </div>
          </div>
          <div
            class="quantity-image"
          >
            <div
              class="quantity"
            >
              <button>
                +
              </button>
              <p>
                1
              </p>
              <button>
                -
              </button>
            </div>
            <div
              class="image"
            >
              <img
                alt="Xbox Series S 512GB"
                src="https://images-na.ssl-images-amazon.com/images/I/71vPCX0bS-L._SL1500_.jpg"
              />
              <div
                class="browse"
              >
                <button
                  id="xbox-series-s"
                >
                  &lt;
                </button>
                <button
                  id="xbox-series-s"
                >
                  &gt;
                </button>
              </div>
            </div>
          </div>
        </div>
      </div>
      <div
        class="cart-summary"
      >
        <p>
          Tax 21%: 
          <b>
            $
             
            247.38
          </b>
        </p>
        <p>
          Quantity: 
          <b>
            2
          </b>
        </p>
        <p>
          Total: 
          <b>
            $
             
            1178.01
          </b>
        </p>
        <button>
          Order
        </button>
      </div>
    </div>
  </div>
</div>
`;
