// Jest Snapshot v1, https://goo.gl/fbAQLP

exports[`Cartoverlay renders correctly 1`] = `
<div>
  <div
    class="cart-overlay"
    hidden=""
  >
    <p>
      <b>
        My Bag, 
      </b>
      2
       items
    </p>
    <div
      class="cart-item"
    >
      <div
        class="details"
      >
        <p
          class="brand"
        >
          Sony
        </p>
        <p
          class="name"
        >
          PlayStation 5
        </p>
        <p>
          <b>
            $
            844.02
          </b>
        </p>
        <div
          class="cart-item-attribute"
        >
          <p
            class="attribute-name"
          >
            Color
            :
          </p>
          <div
            class="attribute-value"
          >
            <div
              class="Color selected"
            >
              <button
                style="background-color: rgb(68, 255, 3);"
              />
            </div>
            <div
              class="Color"
            >
              <button
                style="background-color: rgb(3, 255, 247);"
              />
            </div>
            <div
              class="Color"
            >
              <button
                style="background-color: rgb(3, 11, 255);"
              />
            </div>
            <div
              class="Color"
            >
              <button
                style="background-color: rgb(0, 0, 0);"
              />
            </div>
            <div
              class="Color"
            >
              <button
                style="background-color: rgb(255, 255, 255);"
              />
            </div>
          </div>
        </div>
        <div
          class="cart-item-attribute"
        >
          <p
            class="attribute-name"
          >
            Capacity
            :
          </p>
          <div
            class="attribute-value"
          >
            <div
              class="other-attr selected"
            >
              <button>
                512G
              </button>
            </div>
            <div
              class="other-attr"
            >
              <button>
                1T
              </button>
            </div>
          </div>
        </div>
      </div>
      <div
        class="quantity-image"
      >
        <div
          class="quantity"
        >
          <button>
            +
          </button>
          <p>
            <b>
              1
            </b>
          </p>
          <button>
            -
          </button>
        </div>
        <div
          class="image"
        >
          <img
            alt="PlayStation 5"
            src="https://images-na.ssl-images-amazon.com/images/I/510VSJ9mWDL._SL1262_.jpg"
            style="width: 50px;"
          />
        </div>
      </div>
    </div>
    <div
      class="cart-item"
    >
      <div
        class="details"
      >
        <p
          class="brand"
        >
          Microsoft
        </p>
        <p
          class="name"
        >
          Xbox Series S 512GB
        </p>
        <p>
          <b>
            $
            333.99
          </b>
        </p>
        <div
          class="cart-item-attribute"
        >
          <p
            class="attribute-name"
          >
            Color
            :
          </p>
          <div
            class="attribute-value"
          >
            <div
              class="Color selected"
            >
              <button
                style="background-color: rgb(68, 255, 3);"
              />
            </div>
            <div
              class="Color"
            >
              <button
                style="background-color: rgb(3, 255, 247);"
              />
            </div>
            <div
              class="Color"
            >
              <button
                style="background-color: rgb(3, 11, 255);"
              />
            </div>
            <div
              class="Color"
            >
              <button
                style="background-color: rgb(0, 0, 0);"
              />
            </div>
            <div
              class="Color"
            >
              <button
                style="background-color: rgb(255, 255, 255);"
              />
            </div>
          </div>
        </div>
        <div
          class="cart-item-attribute"
        >
          <p
            class="attribute-name"
          >
            Capacity
            :
          </p>
          <div
            class="attribute-value"
          >
            <div
              class="other-attr selected"
            >
              <button>
                512G
              </button>
            </div>
            <div
              class="other-attr"
            >
              <button>
                1T
              </button>
            </div>
          </div>
        </div>
      </div>
      <div
        class="quantity-image"
      >
        <div
          class="quantity"
        >
          <button>
            +
          </button>
          <p>
            <b>
              1
            </b>
          </p>
          <button>
            -
          </button>
        </div>
        <div
          class="image"
        >
          <img
            alt="Xbox Series S 512GB"
            src="https://images-na.ssl-images-amazon.com/images/I/71vPCX0bS-L._SL1500_.jpg"
            style="width: 50px;"
          />
        </div>
      </div>
    </div>
    <div
      class="cart-total"
    >
      <p>
        Total
      </p>
      <p>
        $
        1178.01
      </p>
    </div>
    <div
      class="bag-checkout"
    >
      <div
        class="view-bag"
      >
        <a
          href="/cart"
        >
          <button>
            View Bag
          </button>
        </a>
      </div>
      <div
        class="checkout"
      >
        <button>
          Check out
        </button>
      </div>
    </div>
  </div>
</div>
`;
