// Jest Snapshot v1, https://goo.gl/fbAQLP

exports[`Product renders correctly 1`] = `
<div>
  <div
    class="product-page"
  >
    <nav
      class="navbar"
    >
      <div
        class="categories"
      />
      <div
        class="brand-logo"
      >
        <a
          href="/"
        >
          <img
            alt="logo-icon"
            src="/logo.png"
          />
        </a>
      </div>
      <div
        class="dropdowns"
      >
        <div
          class="currency-div"
        >
          <button
            class="currency-icon"
          >
            <span
              class="currency-drop-icon"
            >
              âˆ§
            </span>
          </button>
          <ul
            class="currency-dropdown"
            hidden=""
          />
        </div>
        <div
          class="cart-div"
        >
          <button
            class="cart-img"
          >
            <img
              alt="cart-img"
              src="/cart.png"
            />
          </button>
          <button
            class="cart-count"
          >
            0
          </button>
          <div
            class="cart-overlay"
            hidden=""
          >
            <p>
              <b>
                My Bag, 
              </b>
              0
               items
            </p>
            <div
              class="cart-total"
            >
              <p>
                Total
              </p>
              <p>
                0.00
              </p>
            </div>
            <div
              class="bag-checkout"
            >
              <div
                class="view-bag"
              >
                <a
                  href="/cart"
                >
                  <button>
                    View Bag
                  </button>
                </a>
              </div>
              <div
                class="checkout"
              >
                <button>
                  Check out
                </button>
              </div>
            </div>
          </div>
        </div>
      </div>
    </nav>
    <div
      class="product page-body"
    >
      <div
        class="product-gallery"
      >
        <div
          class="product-gallery-images"
        >
          <img
            alt="Nike Air Huarache Le"
            src="https://cdn.shopify.com/s/files/1/0087/6193/3920/products/DD1381200_DEOA_2_720x.jpg?v=1612816087"
          />
          <img
            alt="Nike Air Huarache Le"
            src="https://cdn.shopify.com/s/files/1/0087/6193/3920/products/DD1381200_DEOA_1_720x.jpg?v=1612816087"
          />
          <img
            alt="Nike Air Huarache Le"
            src="https://cdn.shopify.com/s/files/1/0087/6193/3920/products/DD1381200_DEOA_3_720x.jpg?v=1612816087"
          />
          <img
            alt="Nike Air Huarache Le"
            src="https://cdn.shopify.com/s/files/1/0087/6193/3920/products/DD1381200_DEOA_5_720x.jpg?v=1612816087"
          />
          <img
            alt="Nike Air Huarache Le"
            src="https://cdn.shopify.com/s/files/1/0087/6193/3920/products/DD1381200_DEOA_4_720x.jpg?v=1612816087"
          />
        </div>
        <div
          class="image-focused"
        >
          <img
            alt="Nike Air Huarache Le"
            src="https://cdn.shopify.com/s/files/1/0087/6193/3920/products/DD1381200_DEOA_2_720x.jpg?v=1612816087"
          />
        </div>
      </div>
      <div
        class="product-info"
      >
        <h1
          class="product-brand"
        >
          Nike x Stussy
        </h1>
        <h1
          class="product-name"
        >
          Nike Air Huarache Le
        </h1>
        <div
          class="product-attributes"
        >
          <div
            class="product-attribute"
          >
            <h4>
              Size
              :
            </h4>
            <div
              class="product-attribute-values"
            >
              <div
                class="Size"
                id="selected"
              >
                <button
                  id="40"
                >
                  40
                </button>
              </div>
              <div
                class="Size"
              >
                <button
                  id="41"
                >
                  41
                </button>
              </div>
              <div
                class="Size"
              >
                <button
                  id="42"
                >
                  42
                </button>
              </div>
              <div
                class="Size"
              >
                <button
                  id="43"
                >
                  43
                </button>
              </div>
            </div>
          </div>
        </div>
        <div
          class="product-price"
        >
          <h4>
            Price:
          </h4>
          <h4
            class="price"
          >
            $
            144.69
          </h4>
        </div>
        <button
          class="cart"
        >
          Add to Cart
        </button>
        <div
          class="product-description"
        >
          <p>
            Great sneakers for everyday use!
          </p>
        </div>
      </div>
    </div>
  </div>
</div>
`;
