// Jest Snapshot v1, https://goo.gl/fbAQLP

exports[`Products renders correctly 1`] = `
<div>
  <div
    class="products-page"
  >
    <nav
      class="navbar"
    >
      <div
        class="categories"
      />
      <div
        class="brand-logo"
      >
        <a
          href="/"
        >
          <img
            alt="logo-icon"
            src="/logo.png"
          />
        </a>
      </div>
      <div
        class="dropdowns"
      >
        <div
          class="currency-div"
        >
          <button
            class="currency-icon"
          >
            <span
              class="currency-drop-icon"
            >
              âˆ§
            </span>
          </button>
          <ul
            class="currency-dropdown"
            hidden=""
          />
        </div>
        <div
          class="cart-div"
        >
          <button
            class="cart-img"
          >
            <img
              alt="cart-img"
              src="/cart.png"
            />
          </button>
          <button
            class="cart-count"
          >
            0
          </button>
          <div
            class="cart-overlay"
            hidden=""
          >
            <p>
              <b>
                My Bag, 
              </b>
              0
               items
            </p>
            <div
              class="cart-total"
            >
              <p>
                Total
              </p>
              <p>
                0.00
              </p>
            </div>
            <div
              class="bag-checkout"
            >
              <div
                class="view-bag"
              >
                <a
                  href="/cart"
                >
                  <button>
                    View Bag
                  </button>
                </a>
              </div>
              <div
                class="checkout"
              >
                <button>
                  Check out
                </button>
              </div>
            </div>
          </div>
        </div>
      </div>
    </nav>
    <div
      class="products page-body"
    >
      <h1
        class="category-name"
      >
        all
      </h1>
      <div
        class="products-list"
      >
        <div
          class="product-item true"
        >
          <h2
            class="out-stock"
          >
            out of stock
          </h2>
          <div
            class="product-image"
          >
            <a
              href="/product?id=huarache-x-stussy-le"
            >
              <img
                alt="Nike Air Huarache Le"
                src="https://cdn.shopify.com/s/files/1/0087/6193/3920/products/DD1381200_DEOA_2_720x.jpg?v=1612816087"
              />
            </a>
          </div>
          <div
            class="product-info"
          >
            <p
              class="product-name"
            >
              Nike Air Huarache Le
            </p>
            <p
              class="product-price"
            >
              $
              144.69
            </p>
          </div>
          <button
            class="bag-button"
          >
            <img
              alt="cart-circle"
              id="huarache-x-stussy-le"
              src="/circle-icon.png"
            />
          </button>
        </div>
        <div
          class="product-item true"
        >
          <h2
            class="out-stock"
          >
            out of stock
          </h2>
          <div
            class="product-image"
          >
            <a
              href="/product?id=jacket-canada-goosee"
            >
              <img
                alt="Jacket"
                src="https://images.canadagoose.com/image/upload/w_480,c_scale,f_auto,q_auto:best/v1576016105/product-image/2409L_61.jpg"
              />
            </a>
          </div>
          <div
            class="product-info"
          >
            <p
              class="product-name"
            >
              Jacket
            </p>
            <p
              class="product-price"
            >
              $
              518.47
            </p>
          </div>
          <button
            class="bag-button"
          >
            <img
              alt="cart-circle"
              id="jacket-canada-goosee"
              src="/circle-icon.png"
            />
          </button>
        </div>
        <div
          class="product-item false"
        >
          <div
            class="product-image"
          >
            <a
              href="/product?id=ps-5"
            >
              <img
                alt="PlayStation 5"
                src="https://images-na.ssl-images-amazon.com/images/I/510VSJ9mWDL._SL1262_.jpg"
              />
            </a>
          </div>
          <div
            class="product-info"
          >
            <p
              class="product-name"
            >
              PlayStation 5
            </p>
            <p
              class="product-price"
            >
              $
              844.02
            </p>
          </div>
          <button
            class="bag-button"
          >
            <img
              alt="cart-circle"
              id="ps-5"
              src="/circle-icon.png"
            />
          </button>
        </div>
        <div
          class="product-item false"
        >
          <div
            class="product-image"
          >
            <a
              href="/product?id=xbox-series-s"
            >
              <img
                alt="Xbox Series S 512GB"
                src="https://images-na.ssl-images-amazon.com/images/I/71vPCX0bS-L._SL1500_.jpg"
              />
            </a>
          </div>
          <div
            class="product-info"
          >
            <p
              class="product-name"
            >
              Xbox Series S 512GB
            </p>
            <p
              class="product-price"
            >
              $
              333.99
            </p>
          </div>
          <button
            class="bag-button"
          >
            <img
              alt="cart-circle"
              id="xbox-series-s"
              src="/circle-icon.png"
            />
          </button>
        </div>
        <div
          class="product-item true"
        >
          <h2
            class="out-stock"
          >
            out of stock
          </h2>
          <div
            class="product-image"
          >
            <a
              href="/product?id=apple-imac-2021"
            >
              <img
                alt="iMac 2021"
                src="https://store.storeimages.cdn-apple.com/4982/as-images.apple.com/is/imac-24-blue-selection-hero-202104?wid=904&hei=840&fmt=jpeg&qlt=80&.v=1617492405000"
              />
            </a>
          </div>
          <div
            class="product-info"
          >
            <p
              class="product-name"
            >
              iMac 2021
            </p>
            <p
              class="product-price"
            >
              $
              1688.03
            </p>
          </div>
          <button
            class="bag-button"
          >
            <img
              alt="cart-circle"
              id="apple-imac-2021"
              src="/circle-icon.png"
            />
          </button>
        </div>
        <div
          class="product-item true"
        >
          <h2
            class="out-stock"
          >
            out of stock
          </h2>
          <div
            class="product-image"
          >
            <a
              href="/product?id=apple-iphone-12-pro"
            >
              <img
                alt="iPhone 12 Pro"
                src="https://store.storeimages.cdn-apple.com/4982/as-images.apple.com/is/iphone-12-pro-family-hero?wid=940&amp;hei=1112&amp;fmt=jpeg&amp;qlt=80&amp;.v=1604021663000"
              />
            </a>
          </div>
          <div
            class="product-info"
          >
            <p
              class="product-name"
            >
              iPhone 12 Pro
            </p>
            <p
              class="product-price"
            >
              $
              1000.76
            </p>
          </div>
          <button
            class="bag-button"
          >
            <img
              alt="cart-circle"
              id="apple-iphone-12-pro"
              src="/circle-icon.png"
            />
          </button>
        </div>
        <div
          class="product-item false"
        >
          <div
            class="product-image"
          >
            <a
              href="/product?id=apple-airpods-pro"
            >
              <img
                alt="AirPods Pro"
                src="https://store.storeimages.cdn-apple.com/4982/as-images.apple.com/is/MWP22?wid=572&hei=572&fmt=jpeg&qlt=95&.v=1591634795000"
              />
            </a>
          </div>
          <div
            class="product-info"
          >
            <p
              class="product-name"
            >
              AirPods Pro
            </p>
            <p
              class="product-price"
            >
              $
              300.23
            </p>
          </div>
          <button
            class="bag-button"
          >
            <img
              alt="cart-circle"
              id="apple-airpods-pro"
              src="/circle-icon.png"
            />
          </button>
        </div>
        <div
          class="product-item true"
        >
          <h2
            class="out-stock"
          >
            out of stock
          </h2>
          <div
            class="product-image"
          >
            <a
              href="/product?id=apple-airtag"
            >
              <img
                alt="AirTag"
                src="https://store.storeimages.cdn-apple.com/4982/as-images.apple.com/is/airtag-double-select-202104?wid=445&hei=370&fmt=jpeg&qlt=95&.v=1617761672000"
              />
            </a>
          </div>
          <div
            class="product-info"
          >
            <p
              class="product-name"
            >
              AirTag
            </p>
            <p
              class="product-price"
            >
              $
              120.57
            </p>
          </div>
          <button
            class="bag-button"
          >
            <img
              alt="cart-circle"
              id="apple-airtag"
              src="/circle-icon.png"
            />
          </button>
        </div>
      </div>
    </div>
  </div>
</div>
`;
